// Jest Snapshot v1, https://goo.gl/fbAQLP

exports[`matches snapshot 1`] = `
<div
  id="log-view"
>
  <div>
    <svg
      height={0}
    />
  </div>
</div>
`;
